
> wac@0.1.0 build
> next build

Γû▓ Next.js 16.1.6 (Turbopack)
- Environments: .env.local

  Creating an optimized production build ...
Γ£ô Compiled successfully in 2.1s
  Running TypeScript ...
node.exe : Failed to compile.
At line:1 char:1
+ & "C:\Program Files\nodejs/node.exe" "C:\Program Files\nodejs/node_mo ...
+ ~~~~~~~~~~~~~~~~~~~~~~~~~~~~~~~~~~~~~~~~~~~~~~~~~~~~~~~~~~~~~~~~~~~~~
    + CategoryInfo          : NotSpecified: (Failed to compile.:String) [], Remote 
   Exception
    + FullyQualifiedErrorId : NativeCommandError
 

.next/dev/types/app/people/[username]/page.ts:2:24
Type error: Cannot find module '../../../../../../app/people/[username]/page.js' 
or its corresponding type declarations.

[0m [90m 1 |[39m [90m// File: 
C:\Users\Admin\Desktop\wac\app\people\[username]\page.tsx[39m
[31m[1m>[22m[39m[90m 2 |[39m [36mimport[39m [33m*[39m [36mas[39m entry 
[36mfrom[39m [32m'../../../../../../app/people/[username]/page.js'[39m
 [90m   |[39m                        [31m[1m^[22m[39m
 [90m 3 |[39m [36mimport[39m type { [33mResolvingMetadata[39m[33m,[39m 
[33mResolvingViewport[39m } [36mfrom[39m 
[32m'next/dist/lib/metadata/types/metadata-interface.js'[39m
 [90m 4 |[39m
 [90m 5 |[39m [36mimport[39m type { [33mPrefetchForTypeCheckInternal[39m } 
[36mfrom[39m 
[32m'next/dist/build/segment-config/app/app-segment-config.js'[39m[0m
Next.js build worker exited with code: 1 and signal: null
