components/directory/GlobalDirectoryFilters.tsx(5,32): error TS2307: Cannot find module '@/components/ui/SearchableCombobox' or its corresponding type declarations.
components/directory/GlobalDirectoryFilters.tsx(6,35): error TS2307: Cannot find module '@/components/ui/SearchableMultiSelect' or its corresponding type declarations.
components/directory/GlobalDirectoryFilters.tsx(7,37): error TS2307: Cannot find module '@/components/ui/SearchableCombobox' or its corresponding type declarations.
components/directory/GlobalDirectoryFilters.tsx(8,31): error TS2307: Cannot find module '@/hooks/useTaxonomies' or its corresponding type declarations.
components/directory/GlobalDirectoryFilters.tsx(9,36): error TS2307: Cannot find module '@/lib/constants/locations' or its corresponding type declarations.
components/directory/GlobalDirectoryFilters.tsx(164,5): error TS17004: Cannot use JSX unless the '--jsx' flag is provided.
components/directory/GlobalDirectoryFilters.tsx(167,7): error TS17004: Cannot use JSX unless the '--jsx' flag is provided.
components/directory/GlobalDirectoryFilters.tsx(168,9): error TS17004: Cannot use JSX unless the '--jsx' flag is provided.
components/directory/GlobalDirectoryFilters.tsx(169,9): error TS17004: Cannot use JSX unless the '--jsx' flag is provided.
components/directory/GlobalDirectoryFilters.tsx(171,13): error TS17004: Cannot use JSX unless the '--jsx' flag is provided.
components/directory/GlobalDirectoryFilters.tsx(180,9): error TS17004: Cannot use JSX unless the '--jsx' flag is provided.
components/directory/GlobalDirectoryFilters.tsx(181,11): error TS17004: Cannot use JSX unless the '--jsx' flag is provided.
components/directory/GlobalDirectoryFilters.tsx(182,11): error TS17004: Cannot use JSX unless the '--jsx' flag is provided.
components/directory/GlobalDirectoryFilters.tsx(184,15): error TS17004: Cannot use JSX unless the '--jsx' flag is provided.
components/directory/GlobalDirectoryFilters.tsx(194,7): error TS17004: Cannot use JSX unless the '--jsx' flag is provided.
components/directory/GlobalDirectoryFilters.tsx(196,9): error TS17004: Cannot use JSX unless the '--jsx' flag is provided.
components/directory/GlobalDirectoryFilters.tsx(197,11): error TS17004: Cannot use JSX unless the '--jsx' flag is provided.
components/directory/GlobalDirectoryFilters.tsx(198,11): error TS17004: Cannot use JSX unless the '--jsx' flag is provided.
components/directory/GlobalDirectoryFilters.tsx(199,11): error TS17004: Cannot use JSX unless the '--jsx' flag is provided.
components/directory/GlobalDirectoryFilters.tsx(207,9): error TS17004: Cannot use JSX unless the '--jsx' flag is provided.
components/directory/GlobalDirectoryFilters.tsx(208,11): error TS17004: Cannot use JSX unless the '--jsx' flag is provided.
components/directory/GlobalDirectoryFilters.tsx(209,11): error TS17004: Cannot use JSX unless the '--jsx' flag is provided.
components/directory/GlobalDirectoryFilters.tsx(210,11): error TS17004: Cannot use JSX unless the '--jsx' flag is provided.
components/directory/GlobalDirectoryFilters.tsx(220,11): error TS17004: Cannot use JSX unless the '--jsx' flag is provided.
components/directory/GlobalDirectoryFilters.tsx(221,13): error TS17004: Cannot use JSX unless the '--jsx' flag is provided.
components/directory/GlobalDirectoryFilters.tsx(222,15): error TS17004: Cannot use JSX unless the '--jsx' flag is provided.
components/directory/GlobalDirectoryFilters.tsx(223,15): error TS17004: Cannot use JSX unless the '--jsx' flag is provided.
components/directory/GlobalDirectoryFilters.tsx(224,15): error TS17004: Cannot use JSX unless the '--jsx' flag is provided.
components/directory/GlobalDirectoryFilters.tsx(233,13): error TS17004: Cannot use JSX unless the '--jsx' flag is provided.
components/directory/GlobalDirectoryFilters.tsx(234,15): error TS17004: Cannot use JSX unless the '--jsx' flag is provided.
components/directory/GlobalDirectoryFilters.tsx(235,34): error TS17004: Cannot use JSX unless the '--jsx' flag is provided.
components/directory/GlobalDirectoryFilters.tsx(236,15): error TS17004: Cannot use JSX unless the '--jsx' flag is provided.
components/directory/GlobalDirectoryFilters.tsx(243,15): error TS17004: Cannot use JSX unless the '--jsx' flag is provided.
components/directory/GlobalDirectoryFilters.tsx(253,7): error TS17004: Cannot use JSX unless the '--jsx' flag is provided.
components/directory/GlobalDirectoryFilters.tsx(254,9): error TS17004: Cannot use JSX unless the '--jsx' flag is provided.
components/directory/GlobalDirectoryFilters.tsx(255,9): error TS17004: Cannot use JSX unless the '--jsx' flag is provided.
components/directory/GlobalDirectoryFilters.tsx(258,15): error TS17004: Cannot use JSX unless the '--jsx' flag is provided.
components/directory/GlobalDirectoryFilters.tsx(263,17): error TS17004: Cannot use JSX unless the '--jsx' flag is provided.
components/directory/GlobalDirectoryFilters.tsx(266,15): error TS17004: Cannot use JSX unless the '--jsx' flag is provided.
components/directory/GlobalDirectoryFilters.tsx(271,11): error TS17004: Cannot use JSX unless the '--jsx' flag is provided.
components/directory/GlobalDirectoryFilters.tsx(273,13): error TS17004: Cannot use JSX unless the '--jsx' flag is provided.
components/directory/GlobalDirectoryFilters.tsx(276,9): error TS17004: Cannot use JSX unless the '--jsx' flag is provided.
components/directory/GlobalDirectoryFilters.tsx(282,7): error TS17004: Cannot use JSX unless the '--jsx' flag is provided.
components/directory/GlobalDirectoryFilters.tsx(283,9): error TS17004: Cannot use JSX unless the '--jsx' flag is provided.
components/directory/GlobalDirectoryFilters.tsx(284,9): error TS17004: Cannot use JSX unless the '--jsx' flag is provided.
components/directory/GlobalDirectoryFilters.tsx(287,15): error TS17004: Cannot use JSX unless the '--jsx' flag is provided.
components/directory/GlobalDirectoryFilters.tsx(288,17): error TS17004: Cannot use JSX unless the '--jsx' flag is provided.
components/directory/GlobalDirectoryFilters.tsx(289,17): error TS17004: Cannot use JSX unless the '--jsx' flag is provided.
components/directory/GlobalDirectoryFilters.tsx(290,17): error TS17004: Cannot use JSX unless the '--jsx' flag is provided.
components/directory/GlobalDirectoryFilters.tsx(293,15): error TS17004: Cannot use JSX unless the '--jsx' flag is provided.
components/directory/GlobalDirectoryFilters.tsx(300,17): error TS17004: Cannot use JSX unless the '--jsx' flag is provided.
components/directory/GlobalDirectoryFilters.tsx(306,21): error TS17004: Cannot use JSX unless the '--jsx' flag is provided.
components/directory/GlobalDirectoryFilters.tsx(309,17): error TS17004: Cannot use JSX unless the '--jsx' flag is provided.
node_modules/next/dist/build/templates/app-page.d.ts(3,25): error TS2307: Cannot find module 'VAR_MODULE_GLOBAL_ERROR' or its corresponding type declarations.
node_modules/next/dist/build/webpack-config.d.ts(10,104): error TS2694: Namespace '"C:/Users/Admin/Desktop/wac/node_modules/next/dist/compiled/webpack/webpack".webpack' has no exported member 'RuleSetUseItem'.
node_modules/next/dist/build/webpack/loaders/next-app-loader/index.d.ts(1,13): error TS2613: Module '"C:/Users/Admin/Desktop/wac/node_modules/next/dist/compiled/webpack/webpack"' has no default export. Did you mean to use 'import { webpack } from "C:/Users/Admin/Desktop/wac/node_modules/next/dist/compiled/webpack/webpack"' instead?
node_modules/next/dist/client/components/error-boundary.d.ts(1,8): error TS1259: Module '"C:/Users/Admin/Desktop/wac/node_modules/@types/react/index"' can only be default-imported using the 'esModuleInterop' flag
node_modules/next/dist/client/components/http-access-fallback/error-boundary.d.ts(11,8): error TS1259: Module '"C:/Users/Admin/Desktop/wac/node_modules/@types/react/index"' can only be default-imported using the 'esModuleInterop' flag
node_modules/next/dist/client/components/layout-router.d.ts(2,8): error TS1259: Module '"C:/Users/Admin/Desktop/wac/node_modules/@types/react/index"' can only be default-imported using the 'esModuleInterop' flag
node_modules/next/dist/client/with-router.d.ts(1,8): error TS1259: Module '"C:/Users/Admin/Desktop/wac/node_modules/@types/react/index"' can only be default-imported using the 'esModuleInterop' flag
node_modules/next/dist/lib/metadata/metadata.d.ts(1,8): error TS1259: Module '"C:/Users/Admin/Desktop/wac/node_modules/@types/react/index"' can only be default-imported using the 'esModuleInterop' flag
node_modules/next/dist/next-devtools/userspace/pages/pages-dev-overlay-setup.d.ts(1,8): error TS1259: Module '"C:/Users/Admin/Desktop/wac/node_modules/@types/react/index"' can only be default-imported using the 'esModuleInterop' flag
node_modules/next/dist/server/app-render/entry-base.d.ts(1,114): error TS2307: Cannot find module 'react-server-dom-webpack/server' or its corresponding type declarations.
node_modules/next/dist/server/app-render/entry-base.d.ts(2,27): error TS2307: Cannot find module 'react-server-dom-webpack/static' or its corresponding type declarations.
node_modules/next/dist/server/web/spec-extension/adapters/headers.d.ts(39,16): error TS2304: Cannot find name 'HeadersIterator'.
node_modules/next/dist/server/web/spec-extension/adapters/headers.d.ts(40,13): error TS2304: Cannot find name 'HeadersIterator'.
node_modules/next/dist/server/web/spec-extension/adapters/headers.d.ts(41,15): error TS2304: Cannot find name 'HeadersIterator'.
node_modules/next/dist/server/web/spec-extension/adapters/headers.d.ts(42,26): error TS2304: Cannot find name 'HeadersIterator'.
node_modules/next/dist/shared/lib/app-router-context.shared-runtime.d.ts(4,8): error TS1259: Module '"C:/Users/Admin/Desktop/wac/node_modules/@types/react/index"' can only be default-imported using the 'esModuleInterop' flag
node_modules/next/dist/shared/lib/app-router-types.d.ts(7,13): error TS1259: Module '"C:/Users/Admin/Desktop/wac/node_modules/@types/react/index"' can only be default-imported using the 'esModuleInterop' flag
node_modules/next/dist/shared/lib/head-manager-context.shared-runtime.d.ts(1,8): error TS1259: Module '"C:/Users/Admin/Desktop/wac/node_modules/@types/react/index"' can only be default-imported using the 'esModuleInterop' flag
node_modules/next/dist/shared/lib/image-config-context.shared-runtime.d.ts(1,8): error TS1259: Module '"C:/Users/Admin/Desktop/wac/node_modules/@types/react/index"' can only be default-imported using the 'esModuleInterop' flag
node_modules/next/dist/shared/lib/loadable-context.shared-runtime.d.ts(1,8): error TS1259: Module '"C:/Users/Admin/Desktop/wac/node_modules/@types/react/index"' can only be default-imported using the 'esModuleInterop' flag
node_modules/next/dist/shared/lib/loadable.shared-runtime.d.ts(21,8): error TS1259: Module '"C:/Users/Admin/Desktop/wac/node_modules/@types/react/index"' can only be default-imported using the 'esModuleInterop' flag
node_modules/next/dist/shared/lib/router-context.shared-runtime.d.ts(1,8): error TS1259: Module '"C:/Users/Admin/Desktop/wac/node_modules/@types/react/index"' can only be default-imported using the 'esModuleInterop' flag
node_modules/next/dist/shared/lib/server-inserted-html.shared-runtime.d.ts(1,8): error TS1259: Module '"C:/Users/Admin/Desktop/wac/node_modules/@types/react/index"' can only be default-imported using the 'esModuleInterop' flag
node_modules/next/dist/shared/lib/utils.d.ts(10,13): error TS1192: Module '"fs"' has no default export.
